┏━━━━━━━━━━━━━━━━━━━━━━┳━━━━━━━━━━┳━━━━━━━━━━┳━━━━━━━━━━┳━━━━━━━━━━┳━━━━━━━━━━━┳━━━━━━━━━━┳━━━━━━━━━━━┳━━━━━━━━━━┳━━━━━━━━━━━┳━━━━━━━━━━┳━━━━━━━━━━━┳━━━━━━━━━━┓
┃                      ┃ Hold     ┃ Reg to   ┃          ┃          ┃ of which  ┃ Setup    ┃           ┃          ┃           ┃ of which ┃           ┃          ┃
┃                      ┃ Worst    ┃ Reg      ┃          ┃ Hold Vio ┃ reg to    ┃ Worst    ┃ Reg to    ┃ Setup    ┃ Setup Vio ┃ reg to   ┃ Max Cap   ┃ Max Slew ┃
┃ Corner/Group         ┃ Slack    ┃ Paths    ┃ Hold TNS ┃ Count    ┃ reg       ┃ Slack    ┃ Reg Paths ┃ TNS      ┃ Count     ┃ reg      ┃ Violatio… ┃ Violati… ┃
┡━━━━━━━━━━━━━━━━━━━━━━╇━━━━━━━━━━╇━━━━━━━━━━╇━━━━━━━━━━╇━━━━━━━━━━╇━━━━━━━━━━━╇━━━━━━━━━━╇━━━━━━━━━━━╇━━━━━━━━━━╇━━━━━━━━━━━╇━━━━━━━━━━╇━━━━━━━━━━━╇━━━━━━━━━━┩
│ Overall              │ 0.3230   │ 0.3230   │ 0.0000   │ 0        │ 0         │ 0.8761   │ 0.8761    │ 0.0000   │ 0         │ 0        │ 0         │ 107      │
│ nom_tt_025C_3v30     │ 1.1387   │ 1.1387   │ 0.0000   │ 0        │ 0         │ 12.6456  │ 13.0326   │ 0.0000   │ 0         │ 0        │ 0         │ 0        │
│ min_ff_n40C_3v60     │ 0.5352   │ 0.5352   │ 0.0000   │ 0        │ 0         │ 15.6313  │ 18.0901   │ 0.0000   │ 0         │ 0        │ 0         │ 0        │
│ max_ss_125C_3v00     │ 2.5657   │ 2.5657   │ 0.0000   │ 0        │ 0         │ 0.8761   │ 0.8761    │ 0.0000   │ 0         │ 0        │ 0         │ 107      │
│ nom_tt_025C_5v00     │ 0.6806   │ 0.6806   │ 0.0000   │ 0        │ 0         │ 14.7515  │ 16.6243   │ 0.0000   │ 0         │ 0        │ 0         │ 0        │
│ min_ff_n40C_5v50     │ 0.3230   │ 0.3230   │ 0.0000   │ 0        │ 0         │ 16.5897  │ 19.6992   │ 0.0000   │ 0         │ 0        │ 0         │ 0        │
│ max_ss_125C_4v50     │ 1.4925   │ 1.4925   │ 0.0000   │ 0        │ 0         │ 9.5860   │ 9.5860    │ 0.0000   │ 0         │ 0        │ 0         │ 0        │
└──────────────────────┴──────────┴──────────┴──────────┴──────────┴───────────┴──────────┴───────────┴──────────┴───────────┴──────────┴───────────┴──────────┘
