
Magic 8.3 revision 623 - Compiled on Tue Mar 17 08:19:38 UTC 2026.
Starting magic under Tcl interpreter
Using the terminal as the console.
WARNING: RLIMIT_NOFILE is above 1024 and Tcl_Version<9 this may cause runtime issues [rlim_cur=10240]
Using NULL graphics device.
Processing system .magicrc file
Switching to WIRING tool.
Switching to NETLIST tool.
Switching to PICK tool.
Switching to BOX tool.
Sourcing design .magicrc for technology gf180mcuD ...
10 Magic internal units = 1 Lambda
Input style import: scaleFactor=10, multiplier=2
The following types are not handled by extraction and will be treated as non-electrical types:
    obsactive mvobsactive filldiff fillpoly m1hole obsm1 fillm1 obsv1 m2hole obsm2 fillm2 obsv2 m3hole obsm3 fillm3 m4hole obsm4 fillm4 m5hole obsm5 fillm5 glass fillblock lvstext obscomment 
Scaled tech values by 10 / 1 to match internal grid scaling
Loading gf180mcuD Device Generator Menu ...
Loading "/nix/store/xjkk69lna4pw6jkb6bhsvqkgmfkjqxg5-python3-3.13.9-env/lib/python3.13/site-packages/librelane/scripts/magic/wrapper.tcl" from command line.
Warning: Calma reading is not undoable!  I hope that's OK.
Library written using GDS-II Release 6.0
Library name: LIB
Reading "VIA_Via1_VV".
Reading "VIA_Via2_VH".
Reading "VIA_Via1_HV".
Reading "VIA_via1_2_3200_1200_1_3_1040_1040".
Reading "VIA_via2_3_3200_1200_1_3_1040_1040".
Reading "VIA_via3_4_3200_1200_1_3_1040_1040".
Reading "VIA_via2_3_3200_3200_3_3_1040_1040".
Reading "VIA_via3_4_3200_3200_3_3_1040_1040".
Reading "VIA_via4_5_3200_3200_3_3_1040_1040".
Reading "VIA_PG_V2_COL".
Reading "gf180mcu_fd_sc_mcu7t5v0__buf_16".
Reading "gf180mcu_fd_sc_mcu7t5v0__dlya_1".
Reading "gf180mcu_fd_sc_mcu7t5v0__dlyc_1".
Reading "gf180mcu_fd_sc_mcu7t5v0__dlyb_1".
Reading "gf180mcu_fd_sc_mcu7t5v0__clkbuf_12".
Reading "gf180mcu_fd_sc_mcu7t5v0__clkbuf_3".
Reading "gf180mcu_fd_sc_mcu7t5v0__clkbuf_1".
Reading "gf180mcu_fd_sc_mcu7t5v0__dlyd_1".
Reading "gf180mcu_fd_sc_mcu7t5v0__clkinv_12".
Reading "gf180mcu_fd_sc_mcu7t5v0__clkinv_4".
Reading "gf180mcu_fd_sc_mcu7t5v0__clkbuf_4".
Reading "gf180mcu_fd_sc_mcu7t5v0__inv_4".
Reading "gf180mcu_fd_sc_mcu7t5v0__inv_12".
Reading "gf180mcu_fd_sc_mcu7t5v0__clkbuf_8".
Reading "gf180mcu_fd_sc_mcu7t5v0__clkbuf_16".
Reading "gf180mcu_fd_sc_mcu7t5v0__dffq_2".
Reading "gf180mcu_fd_sc_mcu7t5v0__dffq_4".
Reading "gf180mcu_fd_sc_mcu7t5v0__dffq_1".
Reading "gf180mcu_fd_sc_mcu7t5v0__aoi222_2".
Reading "gf180mcu_fd_sc_mcu7t5v0__aoi221_2".
Reading "gf180mcu_fd_sc_mcu7t5v0__aoi222_4".
Reading "gf180mcu_fd_sc_mcu7t5v0__buf_12".
Reading "gf180mcu_fd_sc_mcu7t5v0__or3_2".
Reading "gf180mcu_fd_sc_mcu7t5v0__oai221_2".
Reading "gf180mcu_fd_sc_mcu7t5v0__oai222_1".
Reading "gf180mcu_fd_sc_mcu7t5v0__mux4_2".
Reading "gf180mcu_fd_sc_mcu7t5v0__mux4_1".
Reading "gf180mcu_fd_sc_mcu7t5v0__and3_4".
Reading "gf180mcu_fd_sc_mcu7t5v0__or4_2".
Reading "gf180mcu_fd_sc_mcu7t5v0__aoi222_1".
Reading "gf180mcu_fd_sc_mcu7t5v0__xor3_1".
Reading "gf180mcu_fd_sc_mcu7t5v0__aoi221_4".
Reading "gf180mcu_fd_sc_mcu7t5v0__xor2_4".
Reading "gf180mcu_fd_sc_mcu7t5v0__and4_2".
Reading "gf180mcu_fd_sc_mcu7t5v0__oai31_4".
Reading "gf180mcu_fd_sc_mcu7t5v0__buf_2".
Reading "gf180mcu_fd_sc_mcu7t5v0__and2_4".
Reading "gf180mcu_fd_sc_mcu7t5v0__oai221_4".
Reading "gf180mcu_fd_sc_mcu7t5v0__aoi22_4".
Reading "gf180mcu_fd_sc_mcu7t5v0__aoi21_4".
Reading "gf180mcu_fd_sc_mcu7t5v0__aoi221_1".
Reading "gf180mcu_fd_sc_mcu7t5v0__or4_1".
Reading "gf180mcu_fd_sc_mcu7t5v0__oai31_2".
Reading "gf180mcu_fd_sc_mcu7t5v0__aoi211_2".
Reading "gf180mcu_fd_sc_mcu7t5v0__mux2_2".
Reading "gf180mcu_fd_sc_mcu7t5v0__oai21_2".
Reading "gf180mcu_fd_sc_mcu7t5v0__and3_2".
Reading "gf180mcu_fd_sc_mcu7t5v0__aoi21_2".
Reading "gf180mcu_fd_sc_mcu7t5v0__nor2_4".
Reading "gf180mcu_fd_sc_mcu7t5v0__buf_8".
Reading "gf180mcu_fd_sc_mcu7t5v0__oai211_2".
Reading "gf180mcu_fd_sc_mcu7t5v0__nand3_2".
Reading "gf180mcu_fd_sc_mcu7t5v0__aoi211_1".
Reading "gf180mcu_fd_sc_mcu7t5v0__xor2_1".
Reading "gf180mcu_fd_sc_mcu7t5v0__oai22_1".
Reading "gf180mcu_fd_sc_mcu7t5v0__aoi22_2".
Reading "gf180mcu_fd_sc_mcu7t5v0__xnor2_1".
Reading "gf180mcu_fd_sc_mcu7t5v0__aoi211_4".
Reading "gf180mcu_fd_sc_mcu7t5v0__oai21_1".
Reading "gf180mcu_fd_sc_mcu7t5v0__nor2_2".
Reading "gf180mcu_fd_sc_mcu7t5v0__and2_2".
Reading "gf180mcu_fd_sc_mcu7t5v0__or2_2".
Reading "gf180mcu_fd_sc_mcu7t5v0__inv_2".
Reading "gf180mcu_fd_sc_mcu7t5v0__nand2_2".
Reading "gf180mcu_fd_sc_mcu7t5v0__oai31_1".
Reading "gf180mcu_fd_sc_mcu7t5v0__buf_4".
Reading "gf180mcu_fd_sc_mcu7t5v0__nor4_1".
Reading "gf180mcu_fd_sc_mcu7t5v0__and3_1".
Reading "gf180mcu_fd_sc_mcu7t5v0__aoi21_1".
Reading "gf180mcu_fd_sc_mcu7t5v0__oai32_1".
Reading "gf180mcu_fd_sc_mcu7t5v0__oai21_4".
Reading "gf180mcu_fd_sc_mcu7t5v0__oai221_1".
Reading "gf180mcu_fd_sc_mcu7t5v0__oai211_4".
Reading "gf180mcu_fd_sc_mcu7t5v0__nand2_4".
Reading "gf180mcu_fd_sc_mcu7t5v0__nand4_4".
Reading "gf180mcu_fd_sc_mcu7t5v0__or3_1".
Reading "gf180mcu_fd_sc_mcu7t5v0__nand2_1".
Reading "gf180mcu_fd_sc_mcu7t5v0__nor3_1".
Reading "gf180mcu_fd_sc_mcu7t5v0__and2_1".
Reading "gf180mcu_fd_sc_mcu7t5v0__buf_3".
Reading "gf180mcu_fd_sc_mcu7t5v0__inv_8".
Reading "gf180mcu_fd_sc_mcu7t5v0__aoi22_1".
Reading "gf180mcu_fd_sc_mcu7t5v0__nand4_1".
Reading "gf180mcu_fd_sc_mcu7t5v0__buf_1".
Reading "gf180mcu_fd_sc_mcu7t5v0__and4_1".
Reading "gf180mcu_fd_sc_mcu7t5v0__clkbuf_2".
Reading "gf180mcu_fd_sc_mcu7t5v0__and4_4".
Reading "gf180mcu_fd_sc_mcu7t5v0__inv_3".
Reading "gf180mcu_fd_sc_mcu7t5v0__nor4_2".
Reading "gf180mcu_fd_sc_mcu7t5v0__inv_1".
Reading "gf180mcu_fd_sc_mcu7t5v0__clkinv_1".
Reading "gf180mcu_fd_sc_mcu7t5v0__nand3_1".
Reading "gf180mcu_fd_sc_mcu7t5v0__nand3_4".
Reading "gf180mcu_fd_sc_mcu7t5v0__nand4_2".
Reading "gf180mcu_fd_sc_mcu7t5v0__nor2_1".
Reading "gf180mcu_fd_sc_mcu7t5v0__nor3_4".
Reading "gf180mcu_fd_sc_mcu7t5v0__oai211_1".
Reading "gf180mcu_fd_sc_mcu7t5v0__nor3_2".
Reading "gf180mcu_fd_sc_mcu7t5v0__nor4_4".
Reading "gf180mcu_fd_sc_mcu7t5v0__or2_1".
Reading "gf180mcu_fd_sc_mcu7t5v0__filltie".
Reading "gf180mcu_fd_sc_mcu7t5v0__endcap".
Reading "gf180mcu_fd_sc_mcu7t5v0__fillcap_64".
Reading "gf180mcu_fd_sc_mcu7t5v0__fill_1".
Reading "gf180mcu_fd_sc_mcu7t5v0__fill_2".
Reading "gf180mcu_fd_sc_mcu7t5v0__fillcap_4".
Reading "gf180mcu_fd_sc_mcu7t5v0__fillcap_8".
Reading "gf180mcu_fd_sc_mcu7t5v0__fillcap_16".
Reading "gf180mcu_fd_sc_mcu7t5v0__fillcap_32".
Reading "gf180mcu_fd_sc_mcu7t5v0__antenna".
Reading "gf180mcu_fd_sc_mcu7t5v0__tieh".
Reading "gf180mcu_fd_sc_mcu7t5v0__tiel".
Reading "A09_BV".
    5000 uses
    10000 uses
    15000 uses
    20000 uses
    25000 uses
    30000 uses
    35000 uses
    40000 uses
    45000 uses
    50000 uses
    55000 uses
    60000 uses
    65000 uses
    70000 uses
CIF file read error: Warning:  Cell A09_BV boundary was redefined.
[INFO] Loading A09_BV

DRC style is now "drc(full)"
Loading DRC CIF style.
No errors found.
[INFO] COUNT: 0
[INFO] Should be divided by 3 or 4
[INFO] DRC Checking DONE (/home/irfan/work/chipathon26/OpenQSPI_Chipathon2026/layout/chipathon26-template/macros/A09_BV/runs/RUN_2026-09-01_11-29-30/66-magic-drc/reports/drc.magic.rpt)
[INFO] Saving mag view with DRC errors (/home/irfan/work/chipathon26/OpenQSPI_Chipathon2026/layout/chipathon26-template/macros/A09_BV/runs/RUN_2026-09-01_11-29-30/66-magic-drc/views/A09_BV.drc.mag)
[INFO] Saved
